2026-07-15 08:09:58 - INFO - Web server starting...
2026-07-15 08:09:58 - INFO - Uvicorn listening on port 8000
2026-07-15 08:10:06 - INFO - Dashboard URL: https://ratios-emerging-buddy-jumping.trycloudflare.com
2026-07-15 09:22:09 - INFO - Web server starting...
2026-07-15 09:22:09 - INFO - Uvicorn listening on port 8000
2026-07-15 09:22:14 - INFO - Dashboard URL: https://structures-economies-mph-happen.trycloudflare.com
2026-07-15 09:23:20 - INFO - Web server starting...
2026-07-15 09:23:21 - INFO - Uvicorn listening on port 8000
2026-07-15 09:23:25 - INFO - Dashboard URL: https://beneath-pushed-templates-request.trycloudflare.com
2026-07-15 09:28:50 - INFO - Web server starting...
2026-07-15 09:28:50 - INFO - Uvicorn listening on port 8000
2026-07-15 09:28:56 - INFO - Dashboard URL: https://requests-mailing-gel-bra.trycloudflare.com
2026-07-15 09:36:37 - INFO - Web server starting...
2026-07-15 09:36:37 - INFO - Uvicorn listening on port 8000
2026-07-15 09:36:42 - INFO - Dashboard URL: https://comic-treatment-arrangement-positive.trycloudflare.com
2026-07-15 09:42:08 - INFO - Web server starting...
2026-07-15 09:42:08 - INFO - Uvicorn listening on port 8000
2026-07-15 09:42:11 - INFO - Dashboard URL: https://qualities-andrew-grad-packard.trycloudflare.com
2026-07-15 09:42:22 - INFO - Web server starting...
2026-07-15 09:42:22 - INFO - Uvicorn listening on port 8000
2026-07-15 09:42:27 - INFO - Dashboard URL: https://submitting-brilliant-percent-galaxy.trycloudflare.com
2026-07-15 09:44:11 - INFO - Web server starting...
2026-07-15 09:44:11 - INFO - Uvicorn listening on port 8000
2026-07-15 09:44:16 - INFO - Dashboard URL: https://ipod-costume-logistics-properly.trycloudflare.com
2026-07-15 09:52:34 - INFO - Web server starting...
2026-07-15 09:52:34 - INFO - Uvicorn listening on port 8000
2026-07-15 09:52:39 - INFO - Dashboard URL: https://affairs-catch-charger-python.trycloudflare.com
2026-07-15 09:58:54 - INFO - Web server starting...
2026-07-15 09:58:54 - INFO - Uvicorn listening on port 8000
2026-07-15 09:58:59 - INFO - Dashboard URL: https://conservation-geometry-constantly-bench.trycloudflare.com
2026-07-15 10:06:12 - INFO - Web server starting...
2026-07-15 10:06:12 - INFO - Uvicorn listening on port 8000
2026-07-15 10:06:16 - INFO - Dashboard URL: https://legislative-ppm-adding-medium.trycloudflare.com
2026-07-15 10:19:52 - INFO - Web server starting...
2026-07-15 10:19:52 - INFO - Uvicorn listening on port 8000
2026-07-15 10:19:57 - INFO - Dashboard URL: https://inclusion-managers-instant-formats.trycloudflare.com
2026-07-15 10:20:44 - INFO - Web server starting...
2026-07-15 10:20:44 - INFO - Uvicorn listening on port 8000
2026-07-15 10:20:50 - INFO - Dashboard URL: https://resorts-gerald-regulatory-ones.trycloudflare.com
2026-07-15 10:21:42 - INFO - Web server starting...
2026-07-15 10:21:42 - INFO - Uvicorn listening on port 8000
2026-07-15 10:21:48 - INFO - Dashboard URL: https://pleased-coins-availability-genes.trycloudflare.com
2026-07-15 10:27:35 - INFO - Web server starting...
2026-07-15 10:27:35 - INFO - Uvicorn listening on port 8000
2026-07-15 10:27:40 - INFO - Dashboard URL: https://candidate-elect-wallet-pitch.trycloudflare.com
2026-07-15 10:34:30 - INFO - Web server starting...
2026-07-15 10:34:30 - INFO - Uvicorn listening on port 8000
2026-07-15 10:34:34 - INFO - Dashboard URL: https://hurricane-strike-webmaster-barn.trycloudflare.com
2026-07-15 10:36:07 - INFO - Web server starting...
2026-07-15 10:36:07 - INFO - Uvicorn listening on port 8000
2026-07-15 10:36:11 - INFO - Dashboard URL: https://paul-polymer-significantly-andrea.trycloudflare.com
