2026-07-03 08:19:38 - INFO - Web server starting...
2026-07-03 08:19:38 - INFO - Uvicorn listening on port 8000
2026-07-03 08:19:42 - INFO - Dashboard URL: https://joins-hart-newton-born.trycloudflare.com
2026-07-03 10:25:46 - INFO - Web server starting...
2026-07-03 10:25:46 - INFO - Uvicorn listening on port 8000
2026-07-03 10:25:49 - INFO - Dashboard URL: https://arising-developing-expected-oclc.trycloudflare.com
2026-07-03 10:44:15 - INFO - Web server starting...
2026-07-03 10:44:15 - INFO - Uvicorn listening on port 8000
2026-07-03 10:44:19 - INFO - Dashboard URL: https://response-representative-challenging-incoming.trycloudflare.com
2026-07-03 10:45:46 - INFO - Web server starting...
2026-07-03 10:45:46 - INFO - Uvicorn listening on port 8000
2026-07-03 10:45:53 - INFO - Dashboard URL: https://balanced-brand-bibliographic-gained.trycloudflare.com
2026-07-03 10:46:42 - INFO - Web server starting...
2026-07-03 10:46:42 - INFO - Uvicorn listening on port 8000
2026-07-03 10:46:46 - INFO - Dashboard URL: https://shield-cedar-sixth-express.trycloudflare.com
2026-07-03 10:49:08 - INFO - Web server starting...
2026-07-03 10:49:08 - INFO - Uvicorn listening on port 8000
2026-07-03 10:49:12 - INFO - Dashboard URL: https://years-figure-spoken-pipeline.trycloudflare.com
2026-07-03 10:51:36 - INFO - Web server starting...
2026-07-03 10:51:36 - INFO - Uvicorn listening on port 8000
2026-07-03 10:51:41 - INFO - Dashboard URL: https://extraction-structured-pickup-shopper.trycloudflare.com
2026-07-03 10:54:03 - INFO - Web server starting...
2026-07-03 10:54:03 - INFO - Uvicorn listening on port 8000
2026-07-03 10:54:18 - INFO - Dashboard URL: https://api.trycloudflare.com
2026-07-03 10:55:49 - INFO - Web server starting...
2026-07-03 10:55:49 - INFO - Uvicorn listening on port 8000
2026-07-03 10:55:56 - INFO - Dashboard URL: https://arc-throwing-iron-happy.trycloudflare.com
2026-07-03 10:58:04 - INFO - Web server starting...
2026-07-03 10:58:04 - INFO - Uvicorn listening on port 8000
2026-07-03 10:58:10 - INFO - Dashboard URL: https://naval-act-binary-score.trycloudflare.com
2026-07-03 10:59:07 - INFO - Web server starting...
2026-07-03 10:59:07 - INFO - Uvicorn listening on port 8000
2026-07-03 10:59:11 - INFO - Dashboard URL: https://arthritis-examples-understood-info.trycloudflare.com
2026-07-03 11:01:59 - INFO - Web server starting...
2026-07-03 11:01:59 - INFO - Uvicorn listening on port 8000
2026-07-03 11:02:04 - INFO - Dashboard URL: https://leads-scsi-degree-profits.trycloudflare.com
2026-07-03 11:05:35 - INFO - Web server starting...
2026-07-03 11:05:35 - INFO - Uvicorn listening on port 8000
2026-07-03 11:05:39 - INFO - Dashboard URL: https://functionality-cia-trials-cheats.trycloudflare.com
2026-07-03 11:13:50 - INFO - Web server starting...
2026-07-03 11:13:50 - INFO - Uvicorn listening on port 8000
2026-07-03 11:29:54 - INFO - Web server starting...
2026-07-03 11:29:54 - INFO - Uvicorn listening on port 8000
2026-07-03 11:31:27 - INFO - Web server starting...
2026-07-03 11:31:27 - INFO - Uvicorn listening on port 8000
2026-07-03 11:31:34 - INFO - Dashboard URL: https://comm-transactions-imagine-holdings.trycloudflare.com
2026-07-03 11:40:13 - INFO - Web server starting...
2026-07-03 11:40:13 - INFO - Uvicorn listening on port 8000
2026-07-03 11:40:17 - INFO - Dashboard URL: https://creativity-adventures-anytime-phenomenon.trycloudflare.com
2026-07-03 11:41:37 - INFO - Web server starting...
2026-07-03 11:41:37 - INFO - Uvicorn listening on port 8000
2026-07-03 11:41:42 - INFO - Dashboard URL: https://header-bills-compiled-sublime.trycloudflare.com
2026-07-03 12:22:18 - INFO - Client connected: Address(host='113.185.72.219', port=0)  (total: 1)
2026-07-03 12:23:42 - INFO - Client disconnected normally: Address(host='113.185.72.219', port=0)
2026-07-03 12:23:42 - INFO - Client removed: Address(host='113.185.72.219', port=0)  (remaining: 0)
2026-07-03 12:24:02 - INFO - Web server starting...
2026-07-03 12:24:02 - INFO - Uvicorn listening on port 8000
2026-07-03 12:24:06 - INFO - Dashboard URL: https://expansion-troops-harbor-cho.trycloudflare.com
2026-07-03 13:17:54 - INFO - Web server starting...
2026-07-03 13:17:54 - INFO - Uvicorn listening on port 8000
2026-07-03 13:17:58 - INFO - Dashboard URL: https://showed-penetration-passing-hrs.trycloudflare.com
2026-07-03 13:18:50 - INFO - Client connected: Address(host='113.185.72.219', port=0)  (total: 1)
2026-07-03 13:20:54 - INFO - Client disconnected normally: Address(host='113.185.72.219', port=0)
2026-07-03 13:20:54 - INFO - Client removed: Address(host='113.185.72.219', port=0)  (remaining: 0)
2026-07-03 13:21:00 - INFO - Client connected: Address(host='113.185.72.219', port=0)  (total: 1)
