2026-07-02 08:21:08 - INFO - Web server starting...
2026-07-02 08:21:08 - INFO - Uvicorn listening on port 8000
2026-07-02 08:21:12 - INFO - Dashboard URL: https://caution-together-compliance-functions.trycloudflare.com
2026-07-02 08:36:06 - INFO - Web server starting...
2026-07-02 08:36:06 - INFO - Uvicorn listening on port 8000
2026-07-02 08:36:11 - INFO - Dashboard URL: https://against-example-vanilla-expenditures.trycloudflare.com
2026-07-02 08:46:22 - INFO - Web server starting...
2026-07-02 08:46:22 - INFO - Uvicorn listening on port 8000
2026-07-02 08:46:26 - INFO - Dashboard URL: https://hobbies-starter-modern-office.trycloudflare.com
2026-07-02 09:09:34 - INFO - Web server starting...
2026-07-02 09:09:34 - INFO - Uvicorn listening on port 8000
2026-07-02 09:09:38 - INFO - Dashboard URL: https://hazardous-tracking-alcohol-posted.trycloudflare.com
2026-07-02 09:11:11 - INFO - Web server starting...
2026-07-02 09:11:11 - INFO - Uvicorn listening on port 8000
2026-07-02 09:11:15 - INFO - Dashboard URL: https://bride-everybody-gardens-nails.trycloudflare.com
2026-07-02 09:12:30 - INFO - Web server starting...
2026-07-02 09:12:30 - INFO - Uvicorn listening on port 8000
2026-07-02 09:12:35 - INFO - Dashboard URL: https://gibraltar-pets-aspects-dir.trycloudflare.com
2026-07-02 09:13:56 - INFO - Web server starting...
2026-07-02 09:13:56 - INFO - Uvicorn listening on port 8000
2026-07-02 09:14:00 - INFO - Dashboard URL: https://javascript-gourmet-terminals-dicke.trycloudflare.com
2026-07-02 09:15:09 - INFO - Web server starting...
2026-07-02 09:15:09 - INFO - Uvicorn listening on port 8000
2026-07-02 09:15:13 - INFO - Dashboard URL: https://political-profit-shaw-cloudy.trycloudflare.com
2026-07-02 09:16:15 - INFO - Web server starting...
2026-07-02 09:16:15 - INFO - Uvicorn listening on port 8000
2026-07-02 09:16:19 - INFO - Dashboard URL: https://lock-unavailable-entrepreneurs-mats.trycloudflare.com
2026-07-02 09:21:55 - INFO - Web server starting...
2026-07-02 09:21:55 - INFO - Uvicorn listening on port 8000
2026-07-02 09:22:00 - INFO - Dashboard URL: https://suse-edt-thereby-emacs.trycloudflare.com
2026-07-02 09:24:33 - INFO - Web server starting...
2026-07-02 09:24:33 - INFO - Uvicorn listening on port 8000
2026-07-02 09:24:37 - INFO - Dashboard URL: https://troops-hopkins-multi-balloon.trycloudflare.com
2026-07-02 09:25:50 - INFO - Web server starting...
2026-07-02 09:25:50 - INFO - Uvicorn listening on port 8000
2026-07-02 09:25:56 - INFO - Dashboard URL: https://compatibility-oecd-cosmetics-opportunities.trycloudflare.com
2026-07-02 09:27:58 - INFO - Web server starting...
2026-07-02 09:27:58 - INFO - Uvicorn listening on port 8000
2026-07-02 09:28:03 - INFO - Dashboard URL: https://tags-aka-sharp-eden.trycloudflare.com
2026-07-02 09:29:53 - INFO - Web server starting...
2026-07-02 09:29:53 - INFO - Uvicorn listening on port 8000
2026-07-02 09:29:56 - INFO - Dashboard URL: https://patient-complexity-headset-thursday.trycloudflare.com
2026-07-02 09:30:57 - INFO - Web server starting...
2026-07-02 09:30:57 - INFO - Uvicorn listening on port 8000
2026-07-02 09:31:01 - INFO - Dashboard URL: https://researchers-kyle-index-recreational.trycloudflare.com
2026-07-02 09:32:12 - INFO - Web server starting...
2026-07-02 09:32:12 - INFO - Uvicorn listening on port 8000
2026-07-02 09:32:16 - INFO - Dashboard URL: https://revealed-turned-neither-tariff.trycloudflare.com
2026-07-02 09:34:01 - INFO - Web server starting...
2026-07-02 09:34:01 - INFO - Uvicorn listening on port 8000
2026-07-02 09:34:06 - INFO - Dashboard URL: https://wagon-pct-educated-cap.trycloudflare.com
2026-07-02 09:34:51 - INFO - Web server starting...
2026-07-02 09:34:51 - INFO - Uvicorn listening on port 8000
2026-07-02 09:34:54 - INFO - Dashboard URL: https://occupational-worldwide-render-better.trycloudflare.com
2026-07-02 09:40:05 - INFO - Web server starting...
2026-07-02 09:40:05 - INFO - Uvicorn listening on port 8000
2026-07-02 09:40:08 - INFO - Dashboard URL: https://performed-hood-bet-forest.trycloudflare.com
2026-07-02 09:42:32 - INFO - Web server starting...
2026-07-02 09:42:32 - INFO - Uvicorn listening on port 8000
2026-07-02 09:42:36 - INFO - Dashboard URL: https://connector-lowest-wisconsin-jean.trycloudflare.com
2026-07-02 09:49:25 - INFO - Web server starting...
2026-07-02 09:49:25 - INFO - Uvicorn listening on port 8000
2026-07-02 09:49:29 - INFO - Dashboard URL: https://waves-warrant-netscape-waters.trycloudflare.com
2026-07-02 09:58:54 - INFO - Web server starting...
2026-07-02 09:58:54 - INFO - Uvicorn listening on port 8000
2026-07-02 09:59:00 - INFO - Dashboard URL: https://publish-policies-speaks-casey.trycloudflare.com
2026-07-02 10:04:09 - INFO - Web server starting...
2026-07-02 10:04:09 - INFO - Uvicorn listening on port 8000
2026-07-02 10:04:14 - INFO - Dashboard URL: https://developer-motors-graphical-vatican.trycloudflare.com
2026-07-02 10:07:26 - INFO - Web server starting...
2026-07-02 10:07:26 - INFO - Uvicorn listening on port 8000
2026-07-02 10:09:46 - INFO - Web server starting...
2026-07-02 10:09:46 - INFO - Uvicorn listening on port 8000
2026-07-02 10:09:53 - INFO - Dashboard URL: https://adjust-triple-corpus-highland.trycloudflare.com
2026-07-02 14:50:41 - INFO - Web server starting...
2026-07-02 14:50:41 - INFO - Uvicorn listening on port 8000
2026-07-02 14:50:46 - INFO - Dashboard URL: https://directed-berry-comfortable-concerning.trycloudflare.com
2026-07-02 14:55:49 - INFO - Web server starting...
2026-07-02 14:55:49 - INFO - Uvicorn listening on port 8000
2026-07-02 14:55:53 - INFO - Dashboard URL: https://evaluated-prescribed-fotos-inc.trycloudflare.com
2026-07-02 15:00:24 - INFO - Web server starting...
2026-07-02 15:00:24 - INFO - Uvicorn listening on port 8000
2026-07-02 15:00:30 - INFO - Dashboard URL: https://convergence-months-collections-drinks.trycloudflare.com
2026-07-02 15:08:14 - INFO - Web server starting...
2026-07-02 15:08:14 - INFO - Uvicorn listening on port 8000
2026-07-02 15:08:19 - INFO - Dashboard URL: https://interventions-sofa-components-horizontal.trycloudflare.com
2026-07-02 15:24:32 - INFO - Web server starting...
2026-07-02 15:24:32 - INFO - Uvicorn listening on port 8000
2026-07-02 15:24:36 - INFO - Dashboard URL: https://area-mega-specializing-wit.trycloudflare.com
2026-07-02 16:07:20 - INFO - Web server starting...
2026-07-02 16:07:20 - INFO - Uvicorn listening on port 8000
2026-07-02 16:07:24 - INFO - Dashboard URL: https://cool-concrete-nutrition-moment.trycloudflare.com
2026-07-02 16:09:59 - INFO - Web server starting...
2026-07-02 16:09:59 - INFO - Uvicorn listening on port 8000
2026-07-02 16:10:06 - INFO - Dashboard URL: https://ratio-bolt-murphy-meters.trycloudflare.com
2026-07-02 16:10:54 - INFO - Web server starting...
2026-07-02 16:10:54 - INFO - Uvicorn listening on port 8000
2026-07-02 16:10:58 - INFO - Dashboard URL: https://dont-counties-gst-navy.trycloudflare.com
